// Jest Snapshot v1, https://goo.gl/fbAQLP

exports[`App  component App should match with snapshot 1`] = `"<header><h1>Todo List</h1><div class=\\"actions\\"><span class=\\"add-new\\">Add Todo Item</span><a href=\\"/\\" style=\\"text-decoration:none;color:#000000\\" class=\\"add-new\\">Reset All Todos</a></div></header><div class=\\"todos-list\\"><div class=\\"columns\\"><p class=\\"title\\">Title</p><p class=\\"priority\\">Priority</p><p class=\\"date\\">date</p><p class=\\"isDone\\">Done</p><p class=\\"isDone\\">View</p></div><p>No data.</p></div>"`;
